// Jest Snapshot v1, https://goo.gl/fbAQLP

exports[`account page account information displays basic user information 1`] = `
<dl class="account-page-info oc-flex oc-flex-wrap">
  <div class="account-page-info-username oc-mb oc-width-1-2@s">
    <dt class="oc-text-normal oc-text-muted">Username</dt>
    <dd></dd>
  </div>
  <!--v-if-->
  <div class="account-page-info-displayname oc-mb oc-width-1-2@s">
    <dt class="oc-text-normal oc-text-muted">Display name</dt>
    <dd></dd>
  </div>
  <div class="account-page-info-email oc-mb oc-width-1-2@s">
    <dt class="oc-text-normal oc-text-muted">Email</dt>
    <dd>
      <span>No email has been set up</span>
    </dd>
  </div>
  <div class="account-page-info-groups oc-mb oc-width-1-2@s">
    <dt class="oc-text-normal oc-text-muted">Group memberships</dt>
    <dd>
      <span>You are not part of any group</span>
    </dd>
  </div>
  <!--v-if-->
  <div class="account-page-logout-all-devices oc-mb oc-width-1-2@s">
    <dt class="oc-text-normal oc-text-muted">Logout from active devices</dt>
    <dd>
      <oc-button-stub appearance="raw" href="https://account-manager/logout" target="_blank" type="a"></oc-button-stub>
    </dd>
  </div>
  <!--v-if-->
  <!--v-if-->
</dl>
`;

exports[`account page account information group membership displays group names 1`] = `
<dd>
  <span>one, two, three</span>
</dd>
`;

exports[`account page header section edit url button should be displayed if defined via config 1`] = `<oc-button-stub href="/" target="_blank" type="a" variation="primary"></oc-button-stub>`;
