// Jest Snapshot v1, https://goo.gl/fbAQLP

exports[`resolvePublicLink password required form should display if password is required 1`] = `
<form>
  <div class="oc-card-header">
    <h2>
      <span>This resource is password-protected</span>
    </h2>
  </div>
  <div class="oc-card-body">
    <oc-text-input-stub class="oc-mb-s" clearbuttonaccessiblelabel="" clearbuttonenabled="false" disabled="false" fixmessageline="false" id="oc-textinput-2" label="Enter password for public link" modelvalue="" readonly="false" type="password"></oc-text-input-stub>
    <oc-button-stub appearance="filled" class="oc-login-authorize-button" disabled="true" gapsize="medium" justifycontent="center" size="medium" submit="submit" type="button" variation="primary"></oc-button-stub>
  </div>
</form>
`;

exports[`resolvePublicLink should display the configuration theme general slogan as the login card footer 1`] = `
<div class="oc-card-footer oc-pt-rm">
  <p>Public link slogan</p>
</div>
`;
