// Jest Snapshot v1, https://goo.gl/fbAQLP

exports[`General view renders component 1`] = `
<div>
  <app-template-stub batchactionitems="" batchactions="" breadcrumbs="[object Object],[object Object]" issidebarheadercompact="false" loading="false" showbatchactions="false" sidebaravailablepanels="" sidebarloading="false" sidebaropen="false"></app-template-stub>
</div>
`;
