// Jest Snapshot v1, https://goo.gl/fbAQLP

exports[`Spaces view loading states should render spaces list after loading has been finished 1`] = `
<div>
  <main class="oc-flex oc-flex-wrap oc-height-1-1 app-content oc-width-1-1">
    <div class="oc-width-expand oc-height-1-1 oc-position-relative" id="admin-settings-wrapper">
      <div class="oc-app-bar oc-py-s" id="admin-settings-app-bar">
        <div class="admin-settings-app-bar-controls oc-flex oc-flex-between oc-flex-middle">
          <oc-breadcrumb-stub class="oc-flex oc-flex-middle" contextmenupadding="medium" id="admin-settings-breadcrumb" items="[object Object],[object Object]" showcontextactions="false" variation="default"></oc-breadcrumb-stub>
          <portal-target name="app.runtime.mobile.nav"></portal-target>
          <div>
            <button aria-label="Open sidebar to view details" class="oc-button oc-rounded oc-button-m oc-button-justify-content-center oc-button-gap-m oc-button-passive oc-button-passive-raw oc-my-s oc-p-xs" id="files-toggle-sidebar" type="button">
              <!-- @slot Content of the button -->
              <span class="oc-icon oc-icon-m oc-icon-passive">
                <!---->
              </span>
            </button>
          </div>
        </div>
        <div class="oc-flex oc-flex-middle oc-mt-xs">
          <div class="admin-settings-app-bar-actions">
            <!--v-if-->
          </div>
          <!--v-if-->
        </div>
      </div>
      <!--v-if-->
      <div>
        <spaces-list-stub class="" selectedspaces="" spaces="[object Object]"></spaces-list-stub>
      </div>
    </div>
    <!--v-if-->
  </main>
</div>
`;
