// Jest Snapshot v1, https://goo.gl/fbAQLP

exports[`OcResourceIcon renders OcIcon for resource type file in size large 1`] = `<oc-icon-stub accessiblelabel="" class="oc-resource-icon oc-resource-icon-file" color="var(--oc-color-text-default)" filltype="fill" name="resource-type-file" size="large" type="span" variation="passive"></oc-icon-stub>`;

exports[`OcResourceIcon renders OcIcon for resource type file in size medium 1`] = `<oc-icon-stub accessiblelabel="" class="oc-resource-icon oc-resource-icon-file" color="var(--oc-color-text-default)" filltype="fill" name="resource-type-file" size="medium" type="span" variation="passive"></oc-icon-stub>`;

exports[`OcResourceIcon renders OcIcon for resource type file in size small 1`] = `<oc-icon-stub accessiblelabel="" class="oc-resource-icon oc-resource-icon-file" color="var(--oc-color-text-default)" filltype="fill" name="resource-type-file" size="small" type="span" variation="passive"></oc-icon-stub>`;

exports[`OcResourceIcon renders OcIcon for resource type file in size xlarge 1`] = `<oc-icon-stub accessiblelabel="" class="oc-resource-icon oc-resource-icon-file" color="var(--oc-color-text-default)" filltype="fill" name="resource-type-file" size="xlarge" type="span" variation="passive"></oc-icon-stub>`;

exports[`OcResourceIcon renders OcIcon for resource type file in size xsmall 1`] = `<oc-icon-stub accessiblelabel="" class="oc-resource-icon oc-resource-icon-file" color="var(--oc-color-text-default)" filltype="fill" name="resource-type-file" size="xsmall" type="span" variation="passive"></oc-icon-stub>`;

exports[`OcResourceIcon renders OcIcon for resource type file in size xxlarge 1`] = `<oc-icon-stub accessiblelabel="" class="oc-resource-icon oc-resource-icon-file" color="var(--oc-color-text-default)" filltype="fill" name="resource-type-file" size="xxlarge" type="span" variation="passive"></oc-icon-stub>`;

exports[`OcResourceIcon renders OcIcon for resource type file in size xxxlarge 1`] = `<oc-icon-stub accessiblelabel="" class="oc-resource-icon oc-resource-icon-file" color="var(--oc-color-text-default)" filltype="fill" name="resource-type-file" size="xxxlarge" type="span" variation="passive"></oc-icon-stub>`;

exports[`OcResourceIcon renders OcIcon for resource type folder in size large 1`] = `<oc-icon-stub accessiblelabel="" class="oc-resource-icon oc-resource-icon-folder" color="var(--oc-color-icon-folder)" filltype="fill" name="resource-type-folder" size="large" type="span" variation="passive"></oc-icon-stub>`;

exports[`OcResourceIcon renders OcIcon for resource type folder in size medium 1`] = `<oc-icon-stub accessiblelabel="" class="oc-resource-icon oc-resource-icon-folder" color="var(--oc-color-icon-folder)" filltype="fill" name="resource-type-folder" size="medium" type="span" variation="passive"></oc-icon-stub>`;

exports[`OcResourceIcon renders OcIcon for resource type folder in size small 1`] = `<oc-icon-stub accessiblelabel="" class="oc-resource-icon oc-resource-icon-folder" color="var(--oc-color-icon-folder)" filltype="fill" name="resource-type-folder" size="small" type="span" variation="passive"></oc-icon-stub>`;

exports[`OcResourceIcon renders OcIcon for resource type folder in size xlarge 1`] = `<oc-icon-stub accessiblelabel="" class="oc-resource-icon oc-resource-icon-folder" color="var(--oc-color-icon-folder)" filltype="fill" name="resource-type-folder" size="xlarge" type="span" variation="passive"></oc-icon-stub>`;

exports[`OcResourceIcon renders OcIcon for resource type folder in size xsmall 1`] = `<oc-icon-stub accessiblelabel="" class="oc-resource-icon oc-resource-icon-folder" color="var(--oc-color-icon-folder)" filltype="fill" name="resource-type-folder" size="xsmall" type="span" variation="passive"></oc-icon-stub>`;

exports[`OcResourceIcon renders OcIcon for resource type folder in size xxlarge 1`] = `<oc-icon-stub accessiblelabel="" class="oc-resource-icon oc-resource-icon-folder" color="var(--oc-color-icon-folder)" filltype="fill" name="resource-type-folder" size="xxlarge" type="span" variation="passive"></oc-icon-stub>`;

exports[`OcResourceIcon renders OcIcon for resource type folder in size xxxlarge 1`] = `<oc-icon-stub accessiblelabel="" class="oc-resource-icon oc-resource-icon-folder" color="var(--oc-color-icon-folder)" filltype="fill" name="resource-type-folder" size="xxxlarge" type="span" variation="passive"></oc-icon-stub>`;

exports[`OcResourceIcon renders OcIcon for resource type space in size large 1`] = `<oc-icon-stub accessiblelabel="" class="oc-resource-icon oc-resource-icon-space" color="var(--oc-color-swatch-passive-default)" filltype="fill" name="layout-grid" size="large" type="span" variation="passive"></oc-icon-stub>`;

exports[`OcResourceIcon renders OcIcon for resource type space in size medium 1`] = `<oc-icon-stub accessiblelabel="" class="oc-resource-icon oc-resource-icon-space" color="var(--oc-color-swatch-passive-default)" filltype="fill" name="layout-grid" size="medium" type="span" variation="passive"></oc-icon-stub>`;

exports[`OcResourceIcon renders OcIcon for resource type space in size small 1`] = `<oc-icon-stub accessiblelabel="" class="oc-resource-icon oc-resource-icon-space" color="var(--oc-color-swatch-passive-default)" filltype="fill" name="layout-grid" size="small" type="span" variation="passive"></oc-icon-stub>`;

exports[`OcResourceIcon renders OcIcon for resource type space in size xlarge 1`] = `<oc-icon-stub accessiblelabel="" class="oc-resource-icon oc-resource-icon-space" color="var(--oc-color-swatch-passive-default)" filltype="fill" name="layout-grid" size="xlarge" type="span" variation="passive"></oc-icon-stub>`;

exports[`OcResourceIcon renders OcIcon for resource type space in size xsmall 1`] = `<oc-icon-stub accessiblelabel="" class="oc-resource-icon oc-resource-icon-space" color="var(--oc-color-swatch-passive-default)" filltype="fill" name="layout-grid" size="xsmall" type="span" variation="passive"></oc-icon-stub>`;

exports[`OcResourceIcon renders OcIcon for resource type space in size xxlarge 1`] = `<oc-icon-stub accessiblelabel="" class="oc-resource-icon oc-resource-icon-space" color="var(--oc-color-swatch-passive-default)" filltype="fill" name="layout-grid" size="xxlarge" type="span" variation="passive"></oc-icon-stub>`;

exports[`OcResourceIcon renders OcIcon for resource type space in size xxxlarge 1`] = `<oc-icon-stub accessiblelabel="" class="oc-resource-icon oc-resource-icon-space" color="var(--oc-color-swatch-passive-default)" filltype="fill" name="layout-grid" size="xxxlarge" type="span" variation="passive"></oc-icon-stub>`;
