// Jest Snapshot v1, https://goo.gl/fbAQLP

exports[`OcSidebarNav renders navItem with toolTip if collapsed 1`] = `
<li class="oc-sidebar-nav-item oc-pb-xs oc-px-s" id="123">
  <router-link-stub class="oc-button oc-rounded oc-button-m oc-button-justify-content-center oc-button-gap-m oc-button-passive oc-button-passive-raw oc-sidebar-nav-item-link" data-nav-id="5" data-nav-name="route.name" to="/files/list/all"></router-link-stub>
</li>
`;

exports[`OcSidebarNav renders navItem without toolTip if expanded 1`] = `
<li class="oc-sidebar-nav-item oc-pb-xs oc-px-s" id="123">
  <router-link-stub class="oc-button oc-rounded oc-button-m oc-button-justify-content-center oc-button-gap-m oc-button-passive oc-button-passive-raw oc-sidebar-nav-item-link" data-nav-id="5" data-nav-name="route.name" to="/files/list/all"></router-link-stub>
</li>
`;
