// Jest Snapshot v1, https://goo.gl/fbAQLP

exports[`CreateSpace component should show the "New Space" button 1`] = `
<button aria-label="Create a new space" class="oc-button oc-rounded oc-button-m oc-button-justify-content-center oc-button-gap-m oc-button-primary oc-button-primary-filled" id="new-space-menu-btn" type="button">
  <!-- @slot Content of the button -->
  <span class="oc-icon oc-icon-m oc-icon-passive">
    <!---->
  </span>
  <span data-current-language="en" data-msgid="New Space">New Space</span>
</button>
`;
