// Jest Snapshot v1, https://goo.gl/fbAQLP

exports[`SharesNavigation component renders a shares navigation for both mobile and a desktop viewports 1`] = `
<nav aria-label="Shares pages navigation" class="oc-py-s" id="shares-navigation">
  <oc-list-stub class="oc-flex oc-visible@s" raw="false">
    <li>
      <oc-button-stub appearance="raw" class="oc-mr-m oc-py-s shares-nav-desktop" disabled="false" gapsize="medium" justifycontent="center" size="medium" submit="button" to="/files/shares/with-me/" type="router-link" variation="passive">
        <oc-icon-stub accessiblelabel="" color="" filltype="fill" name="share-forward" size="small" type="span" variation="passive"></oc-icon-stub>
        <span>Shared with me</span>
      </oc-button-stub>
    </li>
    <li>
      <oc-button-stub appearance="raw" class="oc-mr-m oc-py-s shares-nav-desktop" disabled="false" gapsize="medium" justifycontent="center" size="medium" submit="button" to="/files/shares/with-others/" type="router-link" variation="passive">
        <oc-icon-stub accessiblelabel="" color="" filltype="fill" name="reply" size="small" type="span" variation="passive"></oc-icon-stub>
        <span>Shared with others</span>
      </oc-button-stub>
    </li>
    <li>
      <oc-button-stub appearance="raw" class="oc-mr-m oc-py-s shares-nav-desktop" disabled="false" gapsize="medium" justifycontent="center" size="medium" submit="button" to="/files/shares/via-link/" type="router-link" variation="passive">
        <oc-icon-stub accessiblelabel="" color="" filltype="fill" name="link" size="small" type="span" variation="passive"></oc-icon-stub>
        <span>Shared via link</span>
      </oc-button-stub>
    </li>
  </oc-list-stub>
  <div class="oc-hidden@s">
    <oc-button-stub appearance="raw" disabled="false" gapsize="medium" id="shares_navigation_mobile" justifycontent="center" size="medium" submit="button" type="button" variation="passive">
      <span>Shared with me</span>
      <oc-icon-stub accessiblelabel="" color="" filltype="line" name="arrow-down-s" size="small" type="span" variation="passive"></oc-icon-stub>
    </oc-button-stub>
    <oc-drop-stub closeonclick="true" dropid="oc-drop-1" isnested="false" mode="click" paddingsize="small" position="bottom-start" toggle="#shares_navigation_mobile">
      <oc-list-stub raw="false">
        <li>
          <oc-button-stub appearance="raw-inverse" class="oc-my-xs shares-nav-mobile oc-background-primary-gradient" disabled="false" gapsize="medium" justifycontent="center" size="medium" submit="button" to="/files/shares/with-me/" type="router-link" variation="primary">
            <span class="icon-box icon-box-active">
              <oc-icon-stub accessiblelabel="" color="" filltype="fill" name="share-forward" size="medium" type="span" variation="passive"></oc-icon-stub>
            </span>
            <span>Shared with me</span>
          </oc-button-stub>
        </li>
        <li>
          <oc-button-stub appearance="raw" class="oc-my-xs shares-nav-mobile" disabled="false" gapsize="medium" justifycontent="center" size="medium" submit="button" to="/files/shares/with-others/" type="router-link" variation="passive">
            <span class="icon-box">
              <oc-icon-stub accessiblelabel="" color="" filltype="fill" name="reply" size="medium" type="span" variation="passive"></oc-icon-stub>
            </span>
            <span>Shared with others</span>
          </oc-button-stub>
        </li>
        <li>
          <oc-button-stub appearance="raw" class="oc-my-xs shares-nav-mobile" disabled="false" gapsize="medium" justifycontent="center" size="medium" submit="button" to="/files/shares/via-link/" type="router-link" variation="passive">
            <span class="icon-box">
              <oc-icon-stub accessiblelabel="" color="" filltype="fill" name="link" size="medium" type="span" variation="passive"></oc-icon-stub>
            </span>
            <span>Shared via link</span>
          </oc-button-stub>
        </li>
      </oc-list-stub>
    </oc-drop-stub>
  </div>
</nav>
`;
