// Jest Snapshot v1, https://goo.gl/fbAQLP

exports[`SidebarToggle component should show the "Toggle sidebar"-button with sidebar opened and closed 1`] = `
<button aria-label="Close sidebar to hide details" class="oc-button oc-rounded oc-button-m oc-button-justify-content-center oc-button-gap-m oc-button-passive oc-button-passive-raw oc-my-s oc-p-xs" id="files-toggle-sidebar" type="button">
  <!-- @slot Content of the button -->
  <span class="oc-icon oc-icon-m oc-icon-passive">
    <!---->
  </span>
</button>
`;

exports[`SidebarToggle component should show the "Toggle sidebar"-button with sidebar opened and closed 2`] = `
<button aria-label="Open sidebar to view details" class="oc-button oc-rounded oc-button-m oc-button-justify-content-center oc-button-gap-m oc-button-passive oc-button-passive-raw oc-my-s oc-p-xs" id="files-toggle-sidebar" type="button">
  <!-- @slot Content of the button -->
  <span class="oc-icon oc-icon-m oc-icon-passive">
    <!---->
  </span>
</button>
`;
