// Jest Snapshot v1, https://goo.gl/fbAQLP

exports[`OcBreadcrumb displays all items 1`] = `
<nav class="oc-breadcrumb oc-breadcrumb-default" id="oc-breadcrumbs-2">
  <ol class="oc-breadcrumb-list oc-flex oc-m-rm oc-p-rm">
    <li class="oc-breadcrumb-list-item oc-flex oc-flex-middle">
      <router-link-stub tag="a" to="[object Object]">
        <span>First folder</span>
      </router-link-stub>
      <oc-icon-stub accessiblelabel="" class="oc-mx-xs" color="var(--oc-color-text-default)" filltype="line" name="arrow-right-s" size="medium" type="span" variation="passive"></oc-icon-stub>
      <!--v-if-->
    </li>
    <li class="oc-breadcrumb-list-item oc-flex oc-flex-middle">
      <!--v-if-->
      <oc-button-stub appearance="raw" disabled="false" gapsize="medium" justifycontent="center" size="medium" submit="button" type="button" variation="passive">
        <span>Subfolder</span>
      </oc-button-stub>
      <!--v-if-->
    </li>
    <li class="oc-breadcrumb-list-item oc-flex oc-flex-middle">
      <router-link-stub tag="a" to="[object Object]">
        <span>Deep</span>
      </router-link-stub>
      <oc-icon-stub accessiblelabel="" class="oc-mx-xs" color="var(--oc-color-text-default)" filltype="line" name="arrow-right-s" size="medium" type="span" variation="passive"></oc-icon-stub>
      <!--v-if-->
    </li>
    <li class="oc-breadcrumb-list-item oc-flex oc-flex-middle">
      <!--v-if-->
      <span aria-current="page" tabindex="-1">Deeper ellipsize in responsive mode</span>
      <!--v-if-->
    </li>
  </ol>
  <oc-button-stub appearance="raw" arialabel="Navigate one level up" class="oc-breadcrumb-mobile-navigation" disabled="false" gapsize="medium" justifycontent="center" size="medium" submit="button" to="[object Object]" type="router-link" variation="passive">
    <oc-icon-stub accessiblelabel="" class="oc-mr-m" color="" filltype="line" name="arrow-left-s" size="large" type="span" variation="passive"></oc-icon-stub>
  </oc-button-stub>
</nav>

<div class="oc-breadcrumb-mobile-current">
  <span aria-current="page" class="oc-text-truncate">Deeper ellipsize in responsive mode</span>
</div>
`;

exports[`OcBreadcrumb sets correct variation 1`] = `
<nav class="oc-breadcrumb oc-breadcrumb-lead" id="oc-breadcrumbs-1">
  <ol class="oc-breadcrumb-list oc-flex oc-m-rm oc-p-rm">
    <li class="oc-breadcrumb-list-item oc-flex oc-flex-middle">
      <router-link-stub tag="a" to="[object Object]">
        <span>First folder</span>
      </router-link-stub>
      <oc-icon-stub accessiblelabel="" class="oc-mx-xs" color="var(--oc-color-text-default)" filltype="line" name="arrow-right-s" size="medium" type="span" variation="passive"></oc-icon-stub>
      <!--v-if-->
    </li>
    <li class="oc-breadcrumb-list-item oc-flex oc-flex-middle">
      <!--v-if-->
      <oc-button-stub appearance="raw" disabled="false" gapsize="medium" justifycontent="center" size="medium" submit="button" type="button" variation="passive">
        <span>Subfolder</span>
      </oc-button-stub>
      <!--v-if-->
    </li>
    <li class="oc-breadcrumb-list-item oc-flex oc-flex-middle">
      <router-link-stub tag="a" to="[object Object]">
        <span>Deep</span>
      </router-link-stub>
      <oc-icon-stub accessiblelabel="" class="oc-mx-xs" color="var(--oc-color-text-default)" filltype="line" name="arrow-right-s" size="medium" type="span" variation="passive"></oc-icon-stub>
      <!--v-if-->
    </li>
    <li class="oc-breadcrumb-list-item oc-flex oc-flex-middle">
      <!--v-if-->
      <span aria-current="page" tabindex="-1">Deeper ellipsize in responsive mode</span>
      <!--v-if-->
    </li>
  </ol>
  <oc-button-stub appearance="raw" arialabel="Navigate one level up" class="oc-breadcrumb-mobile-navigation" disabled="false" gapsize="medium" justifycontent="center" size="medium" submit="button" to="[object Object]" type="router-link" variation="passive">
    <oc-icon-stub accessiblelabel="" class="oc-mr-m" color="" filltype="line" name="arrow-left-s" size="large" type="span" variation="passive"></oc-icon-stub>
  </oc-button-stub>
</nav>

<div class="oc-breadcrumb-mobile-current">
  <span aria-current="page" class="oc-text-truncate">Deeper ellipsize in responsive mode</span>
</div>
`;
