// Jest Snapshot v1, https://goo.gl/fbAQLP

exports[`EditPanel renders all available inputs 1`] = `
<div class="oc-mt-xl" id="user-edit-panel">
  <user-info-box-stub user="[object Object]"></user-info-box-stub>
  <form autocomplete="off" class="oc-background-highlight oc-p-m" id="user-edit-form">
    <div>
      <oc-text-input-stub class="oc-mb-s" clearbuttonaccessiblelabel="" clearbuttonenabled="false" disabled="false" errormessage="" fixmessageline="true" id="userName-input" label="User name" readonly="false" type="text"></oc-text-input-stub>
      <oc-text-input-stub class="oc-mb-s" clearbuttonaccessiblelabel="" clearbuttonenabled="false" disabled="false" errormessage="" fixmessageline="true" id="displayName-input" label="First and last name" modelvalue="jan" readonly="false" type="text"></oc-text-input-stub>
      <oc-text-input-stub class="oc-mb-s" clearbuttonaccessiblelabel="" clearbuttonenabled="false" disabled="false" errormessage="" fixmessageline="true" id="email-input" label="Email" modelvalue="jan@owncloud.com" readonly="false" type="email"></oc-text-input-stub>
      <oc-text-input-stub class="oc-mb-s" clearbuttonaccessiblelabel="" clearbuttonenabled="false" disabled="false" fixmessageline="true" id="password-input" label="Password" modelvalue="" placeholder="●●●●●●●●" readonly="false" type="password"></oc-text-input-stub>
      <div class="oc-mb-s">
        <oc-select-stub clearable="false" disabled="false" filter="[Function]" fixmessageline="false" id="role-input" label="Role" loading="false" multiple="false" optionlabel="displayName" options="[object Object]" readonly="false" searchable="true"></oc-select-stub>
        <div class="oc-text-input-message"></div>
      </div>
      <div class="oc-mb-s">
        <oc-select-stub clearable="false" disabled="false" filter="[Function]" fixmessageline="false" id="login-input" label="Login" loading="false" model-value="[object Object]" multiple="false" optionlabel="label" options="[object Object],[object Object]" readonly="false" searchable="true"></oc-select-stub>
        <div class="oc-text-input-message"></div>
      </div>
      <quota-select-stub class="oc-mb-s" description-message="" disabled="false" fix-message-line="true" id="quota-select-form" label="Personal quota" maxquota="0" read-only="false" totalquota="0"></quota-select-stub>
      <group-select-stub class="oc-mb-s" groupoptions="undefined,undefined" selectedgroups=""></group-select-stub>
    </div>
    <compare-save-dialog-stub class="edit-compare-save-dialog oc-mb-l" compareobject="[object Object]" confirmbuttondisabled="false" originalobject="[object Object]"></compare-save-dialog-stub>
  </form>
</div>
`;
