// Jest Snapshot v1, https://goo.gl/fbAQLP

exports[`DetailsAndEdit component if user can edit renders dropdown and edit button 1`] = `
<div class="link-details oc-flex oc-flex-between oc-flex-middle" file="undefined">
  <div>
    <oc-button-stub appearance="raw" class="edit-public-link-role-dropdown-toggle oc-text-left" disabled="false" gapsize="none" id="edit-public-link-role-dropdown-toggle-undefined" justifycontent="center" size="medium" submit="button" type="button" variation="passive">
      <span class="link-current-role">Anyone with the link can view</span>
      <oc-icon-stub accessiblelabel="" color="" filltype="fill" name="arrow-down-s" size="medium" type="span" variation="passive"></oc-icon-stub>
    </oc-button-stub>
    <oc-drop-stub class="edit-public-link-role-dropdown" closeonclick="false" dropid="edit-public-link-role-dropdown" isnested="false" mode="click" offset="0" paddingsize="small" position="bottom-start" toggle="#edit-public-link-role-dropdown-toggle-undefined">
      <oc-list-stub class="role-dropdown-list" raw="false">
        <li>
          <oc-button-stub appearance="raw" class="oc-p-s" disabled="false" gapsize="medium" id="files-role-internal" justifycontent="space-between" size="medium" submit="button" type="button" variation="passive">
            <span class="oc-flex oc-flex-middle">
              <oc-icon-stub accessiblelabel="" class="oc-pl-s oc-pr-m" color="" filltype="fill" name="user" size="medium" type="span" variation="inherit"></oc-icon-stub>
              <span>
                <span class="oc-text-bold oc-display-block oc-width-1-1">Invited People</span>
                <span class="oc-text-small">Link works only for invited people. Login is required.</span>
              </span>
            </span>
            <span class="oc-flex">
              <!--v-if-->
            </span>
          </oc-button-stub>
        </li>
        <li>
          <oc-button-stub appearance="raw-inverse" class="selected oc-background-primary-gradient oc-p-s" disabled="false" gapsize="medium" id="files-role-viewer" justifycontent="space-between" size="medium" submit="button" type="button" variation="primary">
            <span class="oc-flex oc-flex-middle">
              <oc-icon-stub accessiblelabel="" class="oc-pl-s oc-pr-m" color="" filltype="fill" name="eye" size="medium" type="span" variation="inherit"></oc-icon-stub>
              <span>
                <span class="oc-text-bold oc-display-block oc-width-1-1">Can view</span>
                <span class="oc-text-small">Anyone with the link can view and download.</span>
              </span>
            </span>
            <span class="oc-flex">
              <oc-icon-stub accessiblelabel="" color="" filltype="fill" name="check" size="medium" type="span" variation="inherit"></oc-icon-stub>
            </span>
          </oc-button-stub>
        </li>
        <li>
          <oc-button-stub appearance="raw" class="oc-p-s" disabled="false" gapsize="medium" id="files-role-editor" justifycontent="space-between" size="medium" submit="button" type="button" variation="passive">
            <span class="oc-flex oc-flex-middle">
              <oc-icon-stub accessiblelabel="" class="oc-pl-s oc-pr-m" color="" filltype="fill" name="pencil" size="medium" type="span" variation="inherit"></oc-icon-stub>
              <span>
                <span class="oc-text-bold oc-display-block oc-width-1-1">Can edit</span>
                <span class="oc-text-small">Anyone with the link can view, download and edit.</span>
              </span>
            </span>
            <span class="oc-flex">
              <!--v-if-->
            </span>
          </oc-button-stub>
        </li>
      </oc-list-stub>
    </oc-drop-stub>
  </div>
  <div class="details-buttons">
    <!--v-if-->
    <!--v-if-->
    <!--v-if-->
    <div>
      <oc-button-stub appearance="raw" class="edit-drop-trigger" disabled="false" gapsize="medium" id="edit-public-link-dropdown-toggl-undefined" justifycontent="center" size="medium" submit="button" type="button" variation="passive">
        <oc-icon-stub accessiblelabel="" color="" filltype="fill" name="more-2" size="medium" type="span" variation="passive"></oc-icon-stub>
      </oc-button-stub>
      <oc-drop-stub closeonclick="false" dropid="edit-public-link-dropdown" isnested="false" mode="click" paddingsize="small" position="bottom-start" toggle="#edit-public-link-dropdown-toggl-undefined">
        <oc-list-stub class="edit-public-link-dropdown-menu oc-files-context-actions-border oc-pb-s" raw="false">
          <li class="oc-rounded oc-menu-item-hover">
            <oc-button-stub appearance="raw" class="oc-p-s action-menu-item" disabled="false" gapsize="medium" justifycontent="center" size="medium" submit="button" type="button" variation="passive">
              <oc-icon-stub accessiblelabel="" color="" filltype="line" name="pencil" size="medium" type="span" variation="passive"></oc-icon-stub>
              <span>Rename</span>
            </oc-button-stub>
          </li>
          <li class="oc-rounded oc-menu-item-hover">
            <date-picker-stub class="oc-datepicker link-expiry-picker link-expiry-picker" inputdebounce="1000" is24hr="false" isrange="false" locale="en" min-date="Wed Apr 01 2020 00:00:00 GMT+0000 (Coordinated Universal Time)" mode="date" modelconfig="[object Object]" popover="[object Object]" updateoninput="true">
              <!-- @slot Default slot to use as the popover anchor for datepicker -->
              <!-- args is undefined during initial render, hence we check it here -->
              <!--v-if-->
            </date-picker-stub>
          </li>
          <li class="oc-rounded oc-menu-item-hover">
            <oc-button-stub appearance="raw" class="oc-p-s action-menu-item" disabled="false" gapsize="medium" justifycontent="center" size="medium" submit="button" type="button" variation="passive">
              <oc-icon-stub accessiblelabel="" color="" filltype="line" name="lock-password" size="medium" type="span" variation="passive"></oc-icon-stub>
              <span>Add password</span>
            </oc-button-stub>
          </li>
        </oc-list-stub>
        <oc-list-stub class="edit-public-link-dropdown-menu oc-pt-s" raw="false">
          <li class="oc-rounded oc-menu-item-hover">
            <oc-button-stub appearance="raw" class="oc-p-s action-menu-item" disabled="false" gapsize="medium" justifycontent="center" size="medium" submit="button" type="button" variation="passive">
              <oc-icon-stub accessiblelabel="" color="" filltype="line" name="delete-bin-5" size="medium" type="span" variation="passive"></oc-icon-stub>
              <span>Delete link</span>
            </oc-button-stub>
          </li>
        </oc-list-stub>
      </oc-drop-stub>
    </div>
  </div>
</div>
`;

exports[`DetailsAndEdit component if user can not edit does not render dropdown or edit button 1`] = `
<div class="link-details oc-flex oc-flex-between oc-flex-middle" file="undefined">
  <p class="oc-my-rm">
    <span class="link-current-role">Anyone with the link can view</span>
  </p>
  <div class="oc-pr-s details-buttons">
    <!--v-if-->
    <!--v-if-->
    <!--v-if-->
    <!--v-if-->
  </div>
</div>
`;
