// Jest Snapshot v1, https://goo.gl/fbAQLP

exports[`ContextMenuQuickAction component renders component 1`] = `
<button aria-label="Show context menu" class="oc-button oc-rounded oc-button-m oc-button-justify-content-center oc-button-gap-m oc-button-passive oc-button-passive-raw" id="context-menu-trigger-1" type="button">
  <!-- @slot Content of the button -->
  <span class="oc-icon oc-icon-m oc-icon-passive">
    <!---->
  </span>
  <div class="oc-drop oc-box-shadow-medium oc-rounded oc-overflow-hidden" id="context-menu-drop-1">
    <div class="oc-card oc-card-body oc-background-secondary oc-p-s"></div>
  </div>
</button>
`;
