// Jest Snapshot v1, https://goo.gl/fbAQLP

exports[`ContextActionMenu component renders the menu with actions 1`] = `
<div id="oc-files-context-menu">
  <oc-list-stub class="oc-files-context-actions oc-pb-s oc-files-context-actions-border" id="oc-files-context-actions-action 1" raw="false"></oc-list-stub>
  <oc-list-stub class="oc-files-context-actions oc-pt-s" id="oc-files-context-actions-action 2" raw="false"></oc-list-stub>
</div>
`;
