// Jest Snapshot v1, https://goo.gl/fbAQLP

exports[`OcProgress sets correct classes 1`] = `
<div aria-busy="true" aria-valuemax="10" aria-valuemin="0" aria-valuenow="3" class="oc-progress oc-progress-small oc-progress-warning" role="progressbar">
  <div class="oc-progress-current" style="width: 30%;"></div>
</div>
`;
