// Jest Snapshot v1, https://goo.gl/fbAQLP

exports[`SpaceQuota component renders the space storage quota label 1`] = `
<div class="space-quota">
  <p class="oc-mb-s oc-mt-rm">1 B of 10 B used (10% used)</p>
  <oc-progress-stub indeterminate="false" max="100" size="small" value="10" variation="primary"></oc-progress-stub>
</div>
`;
