// Jest Snapshot v1, https://goo.gl/fbAQLP

exports[`OcAvatars displays tooltip 1`] = `
<span>
  <span aria-hidden="true" class="oc-avatars">
    <oc-avatar-stub accessiblelabel="" src="https://images.unsplash.com/photo-1610216705422-caa3fcb6d158?ixid=MXwxMjA3fDB8MHxzZWFyY2h8MTB8fGZhY2V8ZW58MHwyfDB8&amp;ixlib=rb-1.2.1&amp;auto=format&amp;fit=crop&amp;w=800&amp;q=60" username="Bob" width="30"></oc-avatar-stub>
    <oc-avatar-stub accessiblelabel="" src="https://images.unsplash.com/photo-1584308972272-9e4e7685e80f?ixid=MXwxMjA3fDB8MHxzZWFyY2h8Mzh8fGZhY2V8ZW58MHwyfDB8&amp;ixlib=rb-1.2.1&amp;auto=format&amp;fit=crop&amp;w=800&amp;q=60" username="Marie" width="30"></oc-avatar-stub>
    <!--v-if-->
    <oc-avatar-count-stub count="3" size="30"></oc-avatar-count-stub>
  </span>
  <span class="oc-invisible-sr">List of users</span>
</span>
`;

exports[`OcAvatars prefers avatars over links when maxDisplayed is exceeded 1`] = `
<span>
  <span aria-hidden="true" class="oc-avatars">
    <oc-avatar-stub accessiblelabel="" src="https://images.unsplash.com/photo-1610216705422-caa3fcb6d158?ixid=MXwxMjA3fDB8MHxzZWFyY2h8MTB8fGZhY2V8ZW58MHwyfDB8&amp;ixlib=rb-1.2.1&amp;auto=format&amp;fit=crop&amp;w=800&amp;q=60" username="Bob" width="30"></oc-avatar-stub>
    <oc-avatar-stub accessiblelabel="" src="https://images.unsplash.com/photo-1584308972272-9e4e7685e80f?ixid=MXwxMjA3fDB8MHxzZWFyY2h8Mzh8fGZhY2V8ZW58MHwyfDB8&amp;ixlib=rb-1.2.1&amp;auto=format&amp;fit=crop&amp;w=800&amp;q=60" username="Marie" width="30"></oc-avatar-stub>
    <oc-avatar-stub accessiblelabel="" src="" username="John Richards Emperor of long names" width="30"></oc-avatar-stub>
    <!--v-if-->
    <oc-avatar-count-stub count="2" size="30"></oc-avatar-count-stub>
  </span>
  <span class="oc-invisible-sr">List of users</span>
</span>
`;

exports[`OcAvatars shows avatars first and links last 1`] = `
<span>
  <span aria-hidden="true" class="oc-avatars">
    <oc-avatar-stub accessiblelabel="" src="https://images.unsplash.com/photo-1610216705422-caa3fcb6d158?ixid=MXwxMjA3fDB8MHxzZWFyY2h8MTB8fGZhY2V8ZW58MHwyfDB8&amp;ixlib=rb-1.2.1&amp;auto=format&amp;fit=crop&amp;w=800&amp;q=60" username="Bob" width="30"></oc-avatar-stub>
    <oc-avatar-stub accessiblelabel="" src="https://images.unsplash.com/photo-1584308972272-9e4e7685e80f?ixid=MXwxMjA3fDB8MHxzZWFyY2h8Mzh8fGZhY2V8ZW58MHwyfDB8&amp;ixlib=rb-1.2.1&amp;auto=format&amp;fit=crop&amp;w=800&amp;q=60" username="Marie" width="30"></oc-avatar-stub>
    <oc-avatar-stub accessiblelabel="" src="" username="John Richards Emperor of long names" width="30"></oc-avatar-stub>
    <oc-avatar-link-stub accessiblelabel="" iconsize="small" name="link 0" width="30"></oc-avatar-link-stub>
    <oc-avatar-link-stub accessiblelabel="" iconsize="small" name="link 1" width="30"></oc-avatar-link-stub>
    <!--v-if-->
  </span>
  <span class="oc-invisible-sr">List of users</span>
</span>
`;
