// Jest Snapshot v1, https://goo.gl/fbAQLP

exports[`ResourceTiles component renders a footer slot 1`] = `
<div>
  <!--v-if-->
  <oc-list class="oc-tiles oc-flex"></oc-list>
  <!--v-if-->
  <div class="oc-tiles-footer">Hello, ResourceTiles footer!</div>
</div>
`;

exports[`ResourceTiles component renders an array of spaces correctly 1`] = `
<div>
  <!--v-if-->
  <oc-list class="oc-tiles oc-flex">
    <li class="oc-tiles-item has-item-context-menu">
      <oc-tile draggable="false" is-resource-selected="false" resource="[object Object]" resource-icon-size="xlarge" resource-route="[object Object]"></oc-tile>
    </li>
    <li class="oc-tiles-item has-item-context-menu">
      <oc-tile draggable="false" is-resource-selected="false" resource="[object Object]" resource-icon-size="xlarge" resource-route="[object Object]"></oc-tile>
    </li>
  </oc-list>
  <!--v-if-->
  <div class="oc-tiles-footer"></div>
</div>
`;
