// Jest Snapshot v1, https://goo.gl/fbAQLP

exports[`SpaceContextActions action handlers renders actions that are always available: "Members", "Edit Quota", "Details" 1`] = `
<div>
  <div id="oc-files-context-menu">
    <ul class="oc-list oc-my-rm oc-mx-rm oc-files-context-actions oc-pb-s oc-files-context-actions-border" id="oc-files-context-actions-members">
      <li class="context-menu oc-files-context-action oc-px-s oc-rounded oc-menu-item-hover">
        <button class="oc-button oc-rounded oc-button-s oc-button-justify-content-left oc-button-gap-m oc-button-passive oc-button-passive-raw oc-files-actions-show-details-trigger action-menu-item oc-py-s oc-px-m oc-width-1-1" type="button">
          <!-- @slot Content of the button -->
          <span class="oc-icon oc-icon-m oc-icon-passive">
            <!---->
          </span>
          <span class="oc-files-context-action-label">Members</span>
          <!--v-if-->
          <!--v-if-->
        </button>
      </li>
    </ul>
    <ul class="oc-list oc-my-rm oc-mx-rm oc-files-context-actions oc-pb-s oc-pt-s oc-files-context-actions-border" id="oc-files-context-actions-secondaryActions">
      <li class="context-menu oc-files-context-action oc-px-s oc-rounded oc-menu-item-hover">
        <button class="oc-button oc-rounded oc-button-s oc-button-justify-content-left oc-button-gap-m oc-button-passive oc-button-passive-raw oc-files-actions-edit-quota-trigger action-menu-item oc-py-s oc-px-m oc-width-1-1" type="button">
          <!-- @slot Content of the button -->
          <span class="oc-icon oc-icon-m oc-icon-passive">
            <!---->
          </span>
          <span class="oc-files-context-action-label">Edit quota</span>
          <!--v-if-->
          <!--v-if-->
        </button>
      </li>
    </ul>
    <ul class="oc-list oc-my-rm oc-mx-rm oc-files-context-actions oc-pt-s" id="oc-files-context-actions-sidebar">
      <li class="context-menu oc-files-context-action oc-px-s oc-rounded oc-menu-item-hover">
        <button class="oc-button oc-rounded oc-button-s oc-button-justify-content-left oc-button-gap-m oc-button-passive oc-button-passive-raw oc-files-actions-show-details-trigger action-menu-item oc-py-s oc-px-m oc-width-1-1" type="button">
          <!-- @slot Content of the button -->
          <span class="oc-icon oc-icon-m oc-icon-passive">
            <!---->
          </span>
          <span class="oc-files-context-action-label">Details</span>
          <!--v-if-->
          <!--v-if-->
        </button>
      </li>
    </ul>
  </div>
  <!--v-if-->
  <!--v-if-->
  <input accept="" id="space-image-upload-input" multiple="" name="file" tabindex="-1" type="file">
</div>
`;
