// Jest Snapshot v1, https://goo.gl/fbAQLP

exports[`NotificationBell should match snapshot 1`] = `
<button aria-label="Notifications" class="oc-button oc-rounded oc-button-m oc-button-justify-content-center oc-button-gap-m oc-button-brand oc-button-brand-raw-inverse" id="oc-notifications-bell" type="button">
  <!-- @slot Content of the button -->
  <oc-icon-stub class="oc-cursor-pointer oc-flex oc-flex-middle" fill-type="line" name="notification-3"></oc-icon-stub>
  <!--v-if-->
</button>
`;
