// Jest Snapshot v1, https://goo.gl/fbAQLP

exports[`ThemeSwitcher component restores dark theme if dark theme is saved in localstorage 1`] = `
<button aria-label="Click to switch theme" class="oc-button oc-rounded oc-button-m oc-button-justify-content-center oc-button-gap-m oc-button-brand oc-button-brand-raw-inverse themeswitcher-btn" type="button">
  <!-- @slot Content of the button -->
  <span aria-label="Currently used theme" class="oc-visible@s"></span>
  <oc-icon-stub fill-type="line" name="moon-clear" variation="inherit"></oc-icon-stub>
</button>
`;

exports[`ThemeSwitcher component restores light theme if light theme is saved in localstorage 1`] = `
<button aria-label="Click to switch theme" class="oc-button oc-rounded oc-button-m oc-button-justify-content-center oc-button-gap-m oc-button-brand oc-button-brand-raw-inverse themeswitcher-btn" type="button">
  <!-- @slot Content of the button -->
  <span aria-label="Currently used theme" class="oc-visible@s"></span>
  <oc-icon-stub fill-type="line" name="sun" variation="inherit"></oc-icon-stub>
</button>
`;

exports[`ThemeSwitcher component visually renders a button, initially in dark mode if user prefers dark color scheme 1`] = `
<button aria-label="Click to switch theme" class="oc-button oc-rounded oc-button-m oc-button-justify-content-center oc-button-gap-m oc-button-brand oc-button-brand-raw-inverse themeswitcher-btn" type="button">
  <!-- @slot Content of the button -->
  <span aria-label="Currently used theme" class="oc-visible@s"></span>
  <oc-icon-stub fill-type="line" name="moon-clear" variation="inherit"></oc-icon-stub>
</button>
`;

exports[`ThemeSwitcher component visually renders a button, initially in light mode per default 1`] = `
<button aria-label="Click to switch theme" class="oc-button oc-rounded oc-button-m oc-button-justify-content-center oc-button-gap-m oc-button-brand oc-button-brand-raw-inverse themeswitcher-btn" type="button">
  <!-- @slot Content of the button -->
  <span aria-label="Currently used theme" class="oc-visible@s"></span>
  <oc-icon-stub fill-type="line" name="sun" variation="inherit"></oc-icon-stub>
</button>
`;

exports[`ThemeSwitcher component visually toggles between themes upon click 1`] = `
<button aria-label="Click to switch theme" class="oc-button oc-rounded oc-button-m oc-button-justify-content-center oc-button-gap-m oc-button-brand oc-button-brand-raw-inverse themeswitcher-btn" type="button">
  <!-- @slot Content of the button -->
  <span aria-label="Currently used theme" class="oc-visible@s"></span>
  <oc-icon-stub fill-type="line" name="moon-clear" variation="inherit"></oc-icon-stub>
</button>
`;

exports[`ThemeSwitcher component visually toggles between themes upon click 2`] = `
<button aria-label="Click to switch theme" class="oc-button oc-rounded oc-button-m oc-button-justify-content-center oc-button-gap-m oc-button-brand oc-button-brand-raw-inverse themeswitcher-btn" type="button">
  <!-- @slot Content of the button -->
  <span aria-label="Currently used theme" class="oc-visible@s"></span>
  <oc-icon-stub fill-type="line" name="sun" variation="inherit"></oc-icon-stub>
</button>
`;
